{"ts": "2026-03-22T15:44:35.827881+00:00", "tick": 60, "equity": 980162.3112023, "pnl_pct": 0.0, "positions": {}, "regime": "WARMUP", "circuit_breaker": false, "consecutive_losses": 0}
{"ts": "2026-03-22T16:18:46.422208+00:00", "tick": 120, "equity": 980162.3112023, "pnl_pct": 0.0, "positions": {}, "regime": "WARMUP", "circuit_breaker": false, "consecutive_losses": 0}
{"ts": "2026-03-22T16:53:27.607620+00:00", "tick": 180, "equity": 980162.311869, "pnl_pct": 6.80193457114342e-08, "positions": {}, "regime": "ACTIVE", "circuit_breaker": false, "consecutive_losses": 0}
{"ts": "2026-03-22T17:28:26.623734+00:00", "tick": 240, "equity": 979152.5775238, "pnl_pct": -0.10301698677451787, "positions": {"ETH": 112.8059}, "regime": "ACTIVE", "circuit_breaker": false, "consecutive_losses": 0}
{"ts": "2026-03-22T18:03:04.974750+00:00", "tick": 300, "equity": 978725.954, "pnl_pct": -0.14654279050355656, "positions": {}, "regime": "ACTIVE", "circuit_breaker": false, "consecutive_losses": 1}
{"ts": "2026-03-22T18:37:43.767159+00:00", "tick": 360, "equity": 978725.9555736, "pnl_pct": -0.14654262995871248, "positions": {}, "regime": "ACTIVE", "circuit_breaker": false, "consecutive_losses": 1}
{"ts": "2026-03-22T19:12:25.720154+00:00", "tick": 420, "equity": 978725.955283, "pnl_pct": -0.14654265960686308, "positions": {}, "regime": "ACTIVE", "circuit_breaker": false, "consecutive_losses": 1}
{"ts": "2026-03-22T19:47:04.071842+00:00", "tick": 480, "equity": 978725.9562817, "pnl_pct": -0.14654255771557878, "positions": {}, "regime": "ACTIVE", "circuit_breaker": false, "consecutive_losses": 1}
{"ts": "2026-03-22T20:22:02.777004+00:00", "tick": 540, "equity": 977560.5472406, "pnl_pct": -0.26544215503538915, "positions": {"ETH": 113.3953, "BNB": 373.44}, "regime": "ACTIVE", "circuit_breaker": false, "consecutive_losses": 3}
{"ts": "2026-03-22T20:56:45.163000+00:00", "tick": 600, "equity": 976903.7883001, "pnl_pct": -0.3324472758193475, "positions": {}, "regime": "ACTIVE", "circuit_breaker": false, "consecutive_losses": 0}
{"ts": "2026-03-22T21:31:29.642415+00:00", "tick": 660, "equity": 976903.7924476999, "pnl_pct": -0.3324468526649471, "positions": {}, "regime": "ACTIVE", "circuit_breaker": false, "consecutive_losses": 0}
{"ts": "2026-03-22T22:06:16.245317+00:00", "tick": 720, "equity": 976903.7917201, "pnl_pct": -0.33244692689754496, "positions": {}, "regime": "ACTIVE", "circuit_breaker": false, "consecutive_losses": 0}
{"ts": "2026-03-22T22:41:25.487611+00:00", "tick": 780, "equity": 977141.35411, "pnl_pct": -0.3082098809323197, "positions": {"SOL": 0.001}, "regime": "ACTIVE", "circuit_breaker": false, "consecutive_losses": 0}
{"ts": "2026-03-22T23:16:38.980090+00:00", "tick": 840, "equity": 973571.2620958, "pnl_pct": -0.6724446585193777, "positions": {"BTC": 3.42018, "BNB": 370.988}, "regime": "ACTIVE", "circuit_breaker": false, "consecutive_losses": 1}
{"ts": "2026-03-22T23:51:21.461252+00:00", "tick": 900, "equity": 971190.6789722, "pnl_pct": -0.9153210776993714, "positions": {"BTC": 3.42018, "BNB": 370.988}, "regime": "ACTIVE", "circuit_breaker": false, "consecutive_losses": 1}
{"ts": "2026-03-23T00:26:07.824111+00:00", "tick": 960, "equity": 971520.7728868, "pnl_pct": -0.8816436029763342, "positions": {"BTC": 3.42018, "BNB": 370.988}, "regime": "ACTIVE", "circuit_breaker": false, "consecutive_losses": 1}
{"ts": "2026-03-23T00:59:47.610517+00:00", "tick": 1017, "equity": 969519.2450084001, "pnl_pct": -1.0858473206182384, "positions": {"BTC": 3.42018, "BNB": 370.988}, "regime": "ACTIVE", "circuit_breaker": false, "consecutive_losses": 1}
{"ts": "2026-03-23T01:36:20.550392+00:00", "tick": 60, "equity": 968396.04, "pnl_pct": 0.0, "positions": {}, "regime": "WARMUP", "circuit_breaker": false, "consecutive_losses": 0}
{"ts": "2026-03-23T02:10:34.982533+00:00", "tick": 120, "equity": 968396.04, "pnl_pct": 0.0, "positions": {}, "regime": "WARMUP", "circuit_breaker": false, "consecutive_losses": 0}
{"ts": "2026-03-23T02:23:17.586806+00:00", "tick": 141, "equity": 968396.04, "pnl_pct": 0.0, "positions": {}, "regime": "ACTIVE", "circuit_breaker": false, "consecutive_losses": 0}
{"ts": "2026-03-23T02:57:12.833140+00:00", "tick": 60, "equity": 968396.04, "pnl_pct": 0.0, "positions": {}, "regime": "WARMUP", "circuit_breaker": false, "consecutive_losses": 0}
{"ts": "2026-03-23T03:31:25.115832+00:00", "tick": 120, "equity": 968396.04, "pnl_pct": 0.0, "positions": {}, "regime": "WARMUP", "circuit_breaker": false, "consecutive_losses": 0}
{"ts": "2026-03-23T04:06:04.864542+00:00", "tick": 180, "equity": 968396.04, "pnl_pct": 0.0, "positions": {}, "regime": "FLAT", "circuit_breaker": false, "consecutive_losses": 0}
{"ts": "2026-03-23T04:40:44.047770+00:00", "tick": 240, "equity": 968396.04, "pnl_pct": 0.0, "positions": {}, "regime": "FLAT", "circuit_breaker": false, "consecutive_losses": 0}
{"ts": "2026-03-23T05:15:35.253501+00:00", "tick": 300, "equity": 968396.04, "pnl_pct": 0.0, "positions": {}, "regime": "FLAT", "circuit_breaker": false, "consecutive_losses": 0}
{"ts": "2026-03-23T05:50:10.104129+00:00", "tick": 360, "equity": 968396.04, "pnl_pct": 0.0, "positions": {}, "regime": "FLAT", "circuit_breaker": false, "consecutive_losses": 0}
{"ts": "2026-03-23T06:24:43.469434+00:00", "tick": 420, "equity": 968396.04, "pnl_pct": 0.0, "positions": {}, "regime": "FLAT", "circuit_breaker": false, "consecutive_losses": 0}
{"ts": "2026-03-23T06:59:20.993399+00:00", "tick": 480, "equity": 968396.04, "pnl_pct": 0.0, "positions": {}, "regime": "ACTIVE", "circuit_breaker": false, "consecutive_losses": 0}
{"ts": "2026-03-23T07:33:55.310097+00:00", "tick": 540, "equity": 968396.04, "pnl_pct": 0.0, "positions": {}, "regime": "ACTIVE", "circuit_breaker": false, "consecutive_losses": 0}
{"ts": "2026-03-23T08:08:34.643574+00:00", "tick": 600, "equity": 966210.94, "pnl_pct": -0.2256411540055514, "positions": {}, "regime": "FLAT", "circuit_breaker": false, "consecutive_losses": 3}
{"ts": "2026-03-23T08:43:14.690279+00:00", "tick": 660, "equity": 963825.1254990001, "pnl_pct": -0.47200879724786926, "positions": {"ETH": 0.0001}, "regime": "FLAT", "circuit_breaker": true, "consecutive_losses": 6}
{"ts": "2026-03-23T09:17:35.891721+00:00", "tick": 720, "equity": 963825.1244590001, "pnl_pct": -0.4720089046419407, "positions": {"ETH": 0.0001}, "regime": "FLAT", "circuit_breaker": true, "consecutive_losses": 6}
{"ts": "2026-03-23T09:51:58.019201+00:00", "tick": 780, "equity": 963825.123965, "pnl_pct": -0.47200895565413514, "positions": {"ETH": 0.0001}, "regime": "ACTIVE", "circuit_breaker": true, "consecutive_losses": 6}
{"ts": "2026-03-23T10:26:30.493130+00:00", "tick": 840, "equity": 963825.124494, "pnl_pct": -0.47200890102773174, "positions": {"ETH": 0.0001}, "regime": "FLAT", "circuit_breaker": true, "consecutive_losses": 6}
{"ts": "2026-03-23T11:01:05.682925+00:00", "tick": 900, "equity": 963825.1250690001, "pnl_pct": -0.4720088416511836, "positions": {"ETH": 0.0001}, "regime": "FLAT", "circuit_breaker": true, "consecutive_losses": 6}
{"ts": "2026-03-23T11:35:44.106737+00:00", "tick": 960, "equity": 963825.1370730001, "pnl_pct": -0.4720076020756969, "positions": {"ETH": 0.0001}, "regime": "ACTIVE", "circuit_breaker": true, "consecutive_losses": 6}
{"ts": "2026-03-23T12:10:12.851361+00:00", "tick": 1020, "equity": 963825.132306, "pnl_pct": -0.4720080943329763, "positions": {"ETH": 0.0001}, "regime": "ACTIVE", "circuit_breaker": true, "consecutive_losses": 6}
{"ts": "2026-03-23T12:44:37.816383+00:00", "tick": 1080, "equity": 963825.134484, "pnl_pct": -0.4720078694249952, "positions": {"ETH": 0.0001}, "regime": "ACTIVE", "circuit_breaker": true, "consecutive_losses": 6}
{"ts": "2026-03-23T12:54:23.009067+00:00", "tick": 1096, "equity": 963825.1345370001, "pnl_pct": -0.47200786395201755, "positions": {"ETH": 0.0001}, "regime": "ACTIVE", "circuit_breaker": true, "consecutive_losses": 6}
{"ts": "2026-03-23T14:35:29.858783+00:00", "tick": 60, "equity": 963825.1390910001, "pnl_pct": 0.0, "positions": {"ETH": 0.0001}, "regime": "WARMUP", "circuit_breaker": false, "consecutive_losses": 0}
{"ts": "2026-03-23T15:09:44.640863+00:00", "tick": 120, "equity": 963825.1390910001, "pnl_pct": 0.0, "positions": {"ETH": 0.0001}, "regime": "WARMUP", "circuit_breaker": false, "consecutive_losses": 0}
{"ts": "2026-03-23T15:44:31.358583+00:00", "tick": 180, "equity": 963824.92, "pnl_pct": -2.2731405435738594e-05, "positions": {}, "regime": "FLAT", "circuit_breaker": false, "consecutive_losses": 0}
{"ts": "2026-03-23T16:19:16.241390+00:00", "tick": 240, "equity": 963824.92, "pnl_pct": -2.2731405435738594e-05, "positions": {}, "regime": "FLAT", "circuit_breaker": false, "consecutive_losses": 0}
{"ts": "2026-03-23T16:54:01.117688+00:00", "tick": 300, "equity": 963824.92, "pnl_pct": -2.2731405435738594e-05, "positions": {}, "regime": "FLAT", "circuit_breaker": false, "consecutive_losses": 0}
{"ts": "2026-03-23T17:28:38.609259+00:00", "tick": 360, "equity": 963824.92, "pnl_pct": -2.2731405435738594e-05, "positions": {}, "regime": "FLAT", "circuit_breaker": false, "consecutive_losses": 0}
{"ts": "2026-03-23T18:03:22.633228+00:00", "tick": 420, "equity": 963824.92, "pnl_pct": -2.2731405435738594e-05, "positions": {}, "regime": "FLAT", "circuit_breaker": false, "consecutive_losses": 0}
{"ts": "2026-03-23T18:38:01.967233+00:00", "tick": 480, "equity": 963824.92, "pnl_pct": -2.2731405435738594e-05, "positions": {}, "regime": "FLAT", "circuit_breaker": false, "consecutive_losses": 0}
{"ts": "2026-03-23T19:12:47.722910+00:00", "tick": 540, "equity": 963824.92, "pnl_pct": -2.2731405435738594e-05, "positions": {}, "regime": "FLAT", "circuit_breaker": false, "consecutive_losses": 0}
